[DEBUG] Missing token for site: 香草API - 高可用性的Gemini/GLM聚合AI站 {
  "id": "account-9c25105f-dc77-4a82-b579-dbc7bcd2f6c5",
  "site_name": "香草API - 高可用性的Gemini/GLM聚合AI站",
  "site_url": "https://ai.xiangcao.de",
  "health": {
    "status": "healthy"
  },
  "site_type": "new-api",
  "exchange_rate": 7.3,
  "account_info": {
    "id": 5566,
    "access_token": "",
    "username": "linuxdo_5566",
    "quota": 5000000,
    "today_prompt_tokens": 0,
    "today_completion_tokens": 0,
    "today_quota_consumption": 0,
    "today_requests_count": 0,
    "today_income": 5000000
  },
  "last_sync_time": 1775034284830,
  "updated_at": 1775034284831,
  "created_at": 1775034284831,
  "notes": "",
  "tagIds": [],
  "disabled": false,
  "excludeFromTotalBalance": false,
  "authType": "cookie",
  "checkIn": {
    "enableDetection": false,
    "autoCheckInEnabled": true,
    "siteStatus": {
      "isCheckedInToday": false
    },
    "customCheckIn": {
      "url": "",
      "redeemUrl": "",
      "openRedeemWithCheckIn": true,
      "isCheckedInToday": false
    }
  },
  "cookieAuth": {
    "sessionCookie": "session=MTc3NTAzNDIzM3xEWDhFQVFMX2dBQUJFQUVRQUFEX3hQLUFBQVlHYzNSeWFXNW5EQVlBQkhKdmJHVURhVzUwQkFJQUFnWnpkSEpwYm1jTUNBQUdjM1JoZEhWekEybHVkQVFDQUFJR2MzUnlhVzVuREFjQUJXZHliM1Z3Qm5OMGNtbHVad3dKQUFka1pXWmhkV3gwQm5OMGNtbHVad3dOQUF0dllYVjBhRjl6ZEdGMFpRWnpkSEpwYm1jTURnQU1NMmhEYWsxbFFWYzBWMGRFQm5OMGNtbHVad3dFQUFKcFpBTnBiblFFQkFELUszd0djM1J5YVc1bkRBb0FDSFZ6WlhKdVlXMWxCbk4wY21sdVp3d09BQXhzYVc1MWVHUnZYelUxTmpZPXxh8OvRo2BwFpJMkeGWIlASVa9EMVgEoBwwRjdd2tfW_A=="
  },
  "manualBalanceUsd": "",
  "configVersion": 5
}
✔ extractItems should handle flat arrays (2.1181ms)
✔ extractItems should handle {data: [...]} (0.1787ms)
✔ extractItems should handle {data: {data: [...]}} (New-API spec) (0.117ms)
✔ extractItems should handle {items: [...]} (0.2055ms)
✖ Extract access_token from real backup structure (2.2993ms)
✔ ensureSkPrefix should work (0.1733ms)
✔ isMaskedKey should work (0.114ms)
ℹ tests 7
ℹ suites 0
ℹ pass 6
ℹ fail 1
ℹ cancelled 0
ℹ skipped 0
ℹ todo 0
ℹ duration_ms 144.0883

✖ failing tests:

test at unit-test\extraction.test.js:48:1
✖ Extract access_token from real backup structure (2.2993ms)
  AssertionError [ERR_ASSERTION]: Account 香草API - 高可用性的Gemini/GLM聚合AI站 is missing access_token!
      at TestContext.<anonymous> (file:///d:/GitHub/api-check/unit-test/extraction.test.js:64:16)
      at Test.runInAsyncScope (node:async_hooks:214:14)
      at Test.run (node:internal/test_runner/test:1106:25)
      at Test.processPendingSubtests (node:internal/test_runner/test:788:18)
      at Test.postRun (node:internal/test_runner/test:1235:19)
      at Test.run (node:internal/test_runner/test:1163:12)
      at async Test.processPendingSubtests (node:internal/test_runner/test:788:7) {
    generatedMessage: false,
    code: 'ERR_ASSERTION',
    actual: '',
    expected: true,
    operator: '==',
    diff: 'simple'
  }
